

================================================================
== Vivado HLS Report for 'weights_reloading'
================================================================
* Date:           Sat Feb 15 07:46:47 2025

* Version:        2019.2 (Build 2704478 on Wed Nov 06 22:10:23 MST 2019)
* Project:        partition_0
* Solution:       solution
* Product family: zynq
* Target device:  xc7z020-clg484-1


================================================================
== Performance Estimates
================================================================
+ Timing: 
    * Summary: 
    +--------+---------+----------+------------+
    |  Clock |  Target | Estimated| Uncertainty|
    +--------+---------+----------+------------+
    |ap_clk  | 5.00 ns | 4.066 ns |   0.62 ns  |
    +--------+---------+----------+------------+

+ Latency: 
    * Summary: 
    +---------+---------+----------+----------+-----+-----+---------+
    |  Latency (cycles) |  Latency (absolute) |  Interval | Pipeline|
    |   min   |   max   |    min   |    max   | min | max |   Type  |
    +---------+---------+----------+----------+-----+-----+---------+
    |      403|      403| 2.015 us | 2.015 us |  403|  403|   none  |
    +---------+---------+----------+----------+-----+-----+---------+

    + Detail: 
        * Instance: 
        N/A

        * Loop: 
        +-----------------------------+---------+---------+----------+-----------+-----------+------+----------+
        |                             |  Latency (cycles) | Iteration|  Initiation Interval  | Trip |          |
        |          Loop Name          |   min   |   max   |  Latency |  achieved |   target  | Count| Pipelined|
        +-----------------------------+---------+---------+----------+-----------+-----------+------+----------+
        |- coarse_filter_kernel_loop  |      401|      401|         3|          1|          1|   400|    yes   |
        +-----------------------------+---------+---------+----------+-----------+-----------+------+----------+



================================================================
== Utilization Estimates
================================================================
* Summary: 
+-----------------+---------+-------+--------+-------+-----+
|       Name      | BRAM_18K| DSP48E|   FF   |  LUT  | URAM|
+-----------------+---------+-------+--------+-------+-----+
|DSP              |        -|      -|       -|      -|    -|
|Expression       |        -|      -|       0|    141|    -|
|FIFO             |        -|      -|       -|      -|    -|
|Instance         |        -|      -|       -|      -|    -|
|Memory           |        -|      -|       -|      -|    -|
|Multiplexer      |        -|      -|       -|    129|    -|
|Register         |        -|      -|      67|      -|    -|
+-----------------+---------+-------+--------+-------+-----+
|Total            |        0|      0|      67|    270|    0|
+-----------------+---------+-------+--------+-------+-----+
|Available        |      280|    220|  106400|  53200|    0|
+-----------------+---------+-------+--------+-------+-----+
|Utilization (%)  |        0|      0|   ~0   |   ~0  |    0|
+-----------------+---------+-------+--------+-------+-----+

+ Detail: 
    * Instance: 
    N/A

    * DSP48E: 
    N/A

    * Memory: 
    N/A

    * FIFO: 
    N/A

    * Expression: 
    +----------------------------------+----------+-------+---+----+------------+------------+
    |           Variable Name          | Operation| DSP48E| FF| LUT| Bitwidth P0| Bitwidth P1|
    +----------------------------------+----------+-------+---+----+------------+------------+
    |add_ln700_fu_1680_p2              |     +    |      0|  0|  10|           2|           1|
    |i_fu_1638_p2                      |     +    |      0|  0|  15|           9|           1|
    |loops_impl_next_ne_1_fu_1668_p2   |     +    |      0|  0|  12|           3|           1|
    |loops_impl_next_ne_2_fu_1698_p2   |     +    |      0|  0|  12|           3|           1|
    |loops_impl_next_ne_fu_1656_p2     |     +    |      0|  0|  12|           3|           1|
    |and_ln891_1_fu_1718_p2            |    and   |      0|  0|   2|           1|           1|
    |and_ln891_2_fu_1746_p2            |    and   |      0|  0|   2|           1|           1|
    |and_ln891_fu_1704_p2              |    and   |      0|  0|   3|           3|           3|
    |ap_block_pp0_stage0_11001         |    and   |      0|  0|   2|           1|           1|
    |ap_block_state3_pp0_stage0_iter1  |    and   |      0|  0|   2|           1|           1|
    |icmp_ln61_fu_1632_p2              |   icmp   |      0|  0|  13|           9|           8|
    |icmp_ln891_1_fu_1674_p2           |   icmp   |      0|  0|   9|           3|           2|
    |icmp_ln891_fu_1662_p2             |   icmp   |      0|  0|   9|           3|           2|
    |ap_block_state1                   |    or    |      0|  0|   2|           1|           1|
    |or_ln891_1_fu_1806_p2             |    or    |      0|  0|   2|           1|           1|
    |or_ln891_fu_1760_p2               |    or    |      0|  0|   2|           1|           1|
    |loops_impl_next_ne_3_fu_1774_p3   |  select  |      0|  0|   3|           1|           3|
    |loops_impl_next_ne_4_fu_1798_p3   |  select  |      0|  0|   3|           1|           3|
    |select_ln206_fu_1686_p3           |  select  |      0|  0|   2|           1|           1|
    |select_ln891_1_fu_1752_p3         |  select  |      0|  0|   3|           1|           1|
    |select_ln891_2_fu_1766_p3         |  select  |      0|  0|   3|           1|           3|
    |select_ln891_4_fu_1782_p3         |  select  |      0|  0|   3|           1|           1|
    |select_ln891_5_fu_1790_p3         |  select  |      0|  0|   3|           1|           1|
    |select_ln891_7_fu_1812_p3         |  select  |      0|  0|   3|           1|           1|
    |select_ln891_fu_1724_p3           |  select  |      0|  0|   3|           1|           3|
    |ap_enable_pp0                     |    xor   |      0|  0|   2|           1|           2|
    |ap_enable_reg_pp0_iter1           |    xor   |      0|  0|   2|           2|           1|
    |xor_ln891_fu_1740_p2              |    xor   |      0|  0|   2|           1|           2|
    +----------------------------------+----------+-------+---+----+------------+------------+
    |Total                             |          |      0|  0| 141|          58|          49|
    +----------------------------------+----------+-------+---+----+------------+------------+

    * Multiplexer: 
    +---------------------------------------------+----+-----------+-----+-----------+
    |                     Name                    | LUT| Input Size| Bits| Total Bits|
    +---------------------------------------------+----+-----------+-----+-----------+
    |ap_NS_fsm                                    |  21|          4|    1|          4|
    |ap_done                                      |   9|          2|    1|          2|
    |ap_enable_reg_pp0_iter1                      |   9|          2|    1|          2|
    |ap_enable_reg_pp0_iter2                      |   9|          2|    1|          2|
    |ap_phi_mux_loops_0_0_0_0_0_i_phi_fu_1613_p4  |   9|          2|    3|          6|
    |ap_phi_mux_loops_0_0_0_1_0_i_phi_fu_1601_p4  |   9|          2|    3|          6|
    |ap_phi_mux_loops_0_0_1_0_i_phi_fu_1589_p4    |   9|          2|    3|          6|
    |i_0_i_reg_1621                               |   9|          2|    9|         18|
    |in_V_V_blk_n                                 |   9|          2|    1|          2|
    |loops_0_0_0_0_0_i_reg_1609                   |   9|          2|    3|          6|
    |loops_0_0_0_1_0_i_reg_1597                   |   9|          2|    3|          6|
    |loops_0_0_1_0_i_reg_1585                     |   9|          2|    3|          6|
    |loops_0_1_0_i_reg_1574                       |   9|          2|    3|          6|
    +---------------------------------------------+----+-----------+-----+-----------+
    |Total                                        | 129|         28|   35|         72|
    +---------------------------------------------+----+-----------+-----+-----------+

    * Register: 
    +------------------------------------------+----+----+-----+-----------+
    |                   Name                   | FF | LUT| Bits| Const Bits|
    +------------------------------------------+----+----+-----+-----------+
    |ap_CS_fsm                                 |   3|   0|    3|          0|
    |ap_done_reg                               |   1|   0|    1|          0|
    |ap_enable_reg_pp0_iter0                   |   1|   0|    1|          0|
    |ap_enable_reg_pp0_iter1                   |   1|   0|    1|          0|
    |ap_enable_reg_pp0_iter2                   |   1|   0|    1|          0|
    |i_0_i_reg_1621                            |   9|   0|    9|          0|
    |icmp_ln61_reg_1924                        |   1|   0|    1|          0|
    |loops_0_0_0_0_0_i_reg_1609                |   3|   0|    3|          0|
    |loops_0_0_0_0_0_i_reg_1609_pp0_iter1_reg  |   3|   0|    3|          0|
    |loops_0_0_0_1_0_i_reg_1597                |   3|   0|    3|          0|
    |loops_0_0_0_1_0_i_reg_1597_pp0_iter1_reg  |   3|   0|    3|          0|
    |loops_0_0_1_0_i_reg_1585                  |   3|   0|    3|          0|
    |loops_0_0_1_0_i_reg_1585_pp0_iter1_reg    |   3|   0|    3|          0|
    |loops_0_1_0_i_reg_1574                    |   3|   0|    3|          0|
    |loops_impl_next_ne_3_reg_1942             |   3|   0|    3|          0|
    |loops_impl_next_ne_4_reg_1947             |   3|   0|    3|          0|
    |select_ln891_7_reg_1952                   |   3|   0|    3|          0|
    |tmp_V_reg_1957                            |  16|   0|   16|          0|
    |trunc_ln203_reg_1933                      |   2|   0|    2|          0|
    |trunc_ln203_reg_1933_pp0_iter1_reg        |   2|   0|    2|          0|
    +------------------------------------------+----+----+-----+-----------+
    |Total                                     |  67|   0|   67|          0|
    +------------------------------------------+----+----+-----+-----------+



================================================================
== Interface
================================================================
* Summary: 
+----------------------------------+-----+-----+------------+-------------------------+--------------+
|             RTL Ports            | Dir | Bits|  Protocol  |      Source Object      |    C Type    |
+----------------------------------+-----+-----+------------+-------------------------+--------------+
|ap_clk                            |  in |    1| ap_ctrl_hs |    weights_reloading    | return value |
|ap_rst                            |  in |    1| ap_ctrl_hs |    weights_reloading    | return value |
|ap_start                          |  in |    1| ap_ctrl_hs |    weights_reloading    | return value |
|ap_done                           | out |    1| ap_ctrl_hs |    weights_reloading    | return value |
|ap_continue                       |  in |    1| ap_ctrl_hs |    weights_reloading    | return value |
|ap_idle                           | out |    1| ap_ctrl_hs |    weights_reloading    | return value |
|ap_ready                          | out |    1| ap_ctrl_hs |    weights_reloading    | return value |
|in_V_V_dout                       |  in |   16|   ap_fifo  |          in_V_V         |    pointer   |
|in_V_V_empty_n                    |  in |    1|   ap_fifo  |          in_V_V         |    pointer   |
|in_V_V_read                       | out |    1|   ap_fifo  |          in_V_V         |    pointer   |
|Conv_0_weights_V_0_0_24_address0  | out |    2|  ap_memory | Conv_0_weights_V_0_0_24 |     array    |
|Conv_0_weights_V_0_0_24_ce0       | out |    1|  ap_memory | Conv_0_weights_V_0_0_24 |     array    |
|Conv_0_weights_V_0_0_24_we0       | out |    1|  ap_memory | Conv_0_weights_V_0_0_24 |     array    |
|Conv_0_weights_V_0_0_24_d0        | out |   16|  ap_memory | Conv_0_weights_V_0_0_24 |     array    |
|Conv_0_weights_V_0_0_23_address0  | out |    2|  ap_memory | Conv_0_weights_V_0_0_23 |     array    |
|Conv_0_weights_V_0_0_23_ce0       | out |    1|  ap_memory | Conv_0_weights_V_0_0_23 |     array    |
|Conv_0_weights_V_0_0_23_we0       | out |    1|  ap_memory | Conv_0_weights_V_0_0_23 |     array    |
|Conv_0_weights_V_0_0_23_d0        | out |   16|  ap_memory | Conv_0_weights_V_0_0_23 |     array    |
|Conv_0_weights_V_0_0_22_address0  | out |    2|  ap_memory | Conv_0_weights_V_0_0_22 |     array    |
|Conv_0_weights_V_0_0_22_ce0       | out |    1|  ap_memory | Conv_0_weights_V_0_0_22 |     array    |
|Conv_0_weights_V_0_0_22_we0       | out |    1|  ap_memory | Conv_0_weights_V_0_0_22 |     array    |
|Conv_0_weights_V_0_0_22_d0        | out |   16|  ap_memory | Conv_0_weights_V_0_0_22 |     array    |
|Conv_0_weights_V_0_0_21_address0  | out |    2|  ap_memory | Conv_0_weights_V_0_0_21 |     array    |
|Conv_0_weights_V_0_0_21_ce0       | out |    1|  ap_memory | Conv_0_weights_V_0_0_21 |     array    |
|Conv_0_weights_V_0_0_21_we0       | out |    1|  ap_memory | Conv_0_weights_V_0_0_21 |     array    |
|Conv_0_weights_V_0_0_21_d0        | out |   16|  ap_memory | Conv_0_weights_V_0_0_21 |     array    |
|Conv_0_weights_V_0_0_20_address0  | out |    2|  ap_memory | Conv_0_weights_V_0_0_20 |     array    |
|Conv_0_weights_V_0_0_20_ce0       | out |    1|  ap_memory | Conv_0_weights_V_0_0_20 |     array    |
|Conv_0_weights_V_0_0_20_we0       | out |    1|  ap_memory | Conv_0_weights_V_0_0_20 |     array    |
|Conv_0_weights_V_0_0_20_d0        | out |   16|  ap_memory | Conv_0_weights_V_0_0_20 |     array    |
|Conv_0_weights_V_0_0_19_address0  | out |    2|  ap_memory | Conv_0_weights_V_0_0_19 |     array    |
|Conv_0_weights_V_0_0_19_ce0       | out |    1|  ap_memory | Conv_0_weights_V_0_0_19 |     array    |
|Conv_0_weights_V_0_0_19_we0       | out |    1|  ap_memory | Conv_0_weights_V_0_0_19 |     array    |
|Conv_0_weights_V_0_0_19_d0        | out |   16|  ap_memory | Conv_0_weights_V_0_0_19 |     array    |
|Conv_0_weights_V_0_0_18_address0  | out |    2|  ap_memory | Conv_0_weights_V_0_0_18 |     array    |
|Conv_0_weights_V_0_0_18_ce0       | out |    1|  ap_memory | Conv_0_weights_V_0_0_18 |     array    |
|Conv_0_weights_V_0_0_18_we0       | out |    1|  ap_memory | Conv_0_weights_V_0_0_18 |     array    |
|Conv_0_weights_V_0_0_18_d0        | out |   16|  ap_memory | Conv_0_weights_V_0_0_18 |     array    |
|Conv_0_weights_V_0_0_17_address0  | out |    2|  ap_memory | Conv_0_weights_V_0_0_17 |     array    |
|Conv_0_weights_V_0_0_17_ce0       | out |    1|  ap_memory | Conv_0_weights_V_0_0_17 |     array    |
|Conv_0_weights_V_0_0_17_we0       | out |    1|  ap_memory | Conv_0_weights_V_0_0_17 |     array    |
|Conv_0_weights_V_0_0_17_d0        | out |   16|  ap_memory | Conv_0_weights_V_0_0_17 |     array    |
|Conv_0_weights_V_0_0_16_address0  | out |    2|  ap_memory | Conv_0_weights_V_0_0_16 |     array    |
|Conv_0_weights_V_0_0_16_ce0       | out |    1|  ap_memory | Conv_0_weights_V_0_0_16 |     array    |
|Conv_0_weights_V_0_0_16_we0       | out |    1|  ap_memory | Conv_0_weights_V_0_0_16 |     array    |
|Conv_0_weights_V_0_0_16_d0        | out |   16|  ap_memory | Conv_0_weights_V_0_0_16 |     array    |
|Conv_0_weights_V_0_0_15_address0  | out |    2|  ap_memory | Conv_0_weights_V_0_0_15 |     array    |
|Conv_0_weights_V_0_0_15_ce0       | out |    1|  ap_memory | Conv_0_weights_V_0_0_15 |     array    |
|Conv_0_weights_V_0_0_15_we0       | out |    1|  ap_memory | Conv_0_weights_V_0_0_15 |     array    |
|Conv_0_weights_V_0_0_15_d0        | out |   16|  ap_memory | Conv_0_weights_V_0_0_15 |     array    |
|Conv_0_weights_V_0_0_14_address0  | out |    2|  ap_memory | Conv_0_weights_V_0_0_14 |     array    |
|Conv_0_weights_V_0_0_14_ce0       | out |    1|  ap_memory | Conv_0_weights_V_0_0_14 |     array    |
|Conv_0_weights_V_0_0_14_we0       | out |    1|  ap_memory | Conv_0_weights_V_0_0_14 |     array    |
|Conv_0_weights_V_0_0_14_d0        | out |   16|  ap_memory | Conv_0_weights_V_0_0_14 |     array    |
|Conv_0_weights_V_0_0_13_address0  | out |    2|  ap_memory | Conv_0_weights_V_0_0_13 |     array    |
|Conv_0_weights_V_0_0_13_ce0       | out |    1|  ap_memory | Conv_0_weights_V_0_0_13 |     array    |
|Conv_0_weights_V_0_0_13_we0       | out |    1|  ap_memory | Conv_0_weights_V_0_0_13 |     array    |
|Conv_0_weights_V_0_0_13_d0        | out |   16|  ap_memory | Conv_0_weights_V_0_0_13 |     array    |
|Conv_0_weights_V_0_0_12_address0  | out |    2|  ap_memory | Conv_0_weights_V_0_0_12 |     array    |
|Conv_0_weights_V_0_0_12_ce0       | out |    1|  ap_memory | Conv_0_weights_V_0_0_12 |     array    |
|Conv_0_weights_V_0_0_12_we0       | out |    1|  ap_memory | Conv_0_weights_V_0_0_12 |     array    |
|Conv_0_weights_V_0_0_12_d0        | out |   16|  ap_memory | Conv_0_weights_V_0_0_12 |     array    |
|Conv_0_weights_V_0_0_11_address0  | out |    2|  ap_memory | Conv_0_weights_V_0_0_11 |     array    |
|Conv_0_weights_V_0_0_11_ce0       | out |    1|  ap_memory | Conv_0_weights_V_0_0_11 |     array    |
|Conv_0_weights_V_0_0_11_we0       | out |    1|  ap_memory | Conv_0_weights_V_0_0_11 |     array    |
|Conv_0_weights_V_0_0_11_d0        | out |   16|  ap_memory | Conv_0_weights_V_0_0_11 |     array    |
|Conv_0_weights_V_0_0_10_address0  | out |    2|  ap_memory | Conv_0_weights_V_0_0_10 |     array    |
|Conv_0_weights_V_0_0_10_ce0       | out |    1|  ap_memory | Conv_0_weights_V_0_0_10 |     array    |
|Conv_0_weights_V_0_0_10_we0       | out |    1|  ap_memory | Conv_0_weights_V_0_0_10 |     array    |
|Conv_0_weights_V_0_0_10_d0        | out |   16|  ap_memory | Conv_0_weights_V_0_0_10 |     array    |
|Conv_0_weights_V_0_0_9_address0   | out |    2|  ap_memory |  Conv_0_weights_V_0_0_9 |     array    |
|Conv_0_weights_V_0_0_9_ce0        | out |    1|  ap_memory |  Conv_0_weights_V_0_0_9 |     array    |
|Conv_0_weights_V_0_0_9_we0        | out |    1|  ap_memory |  Conv_0_weights_V_0_0_9 |     array    |
|Conv_0_weights_V_0_0_9_d0         | out |   16|  ap_memory |  Conv_0_weights_V_0_0_9 |     array    |
|Conv_0_weights_V_0_0_8_address0   | out |    2|  ap_memory |  Conv_0_weights_V_0_0_8 |     array    |
|Conv_0_weights_V_0_0_8_ce0        | out |    1|  ap_memory |  Conv_0_weights_V_0_0_8 |     array    |
|Conv_0_weights_V_0_0_8_we0        | out |    1|  ap_memory |  Conv_0_weights_V_0_0_8 |     array    |
|Conv_0_weights_V_0_0_8_d0         | out |   16|  ap_memory |  Conv_0_weights_V_0_0_8 |     array    |
|Conv_0_weights_V_0_0_7_address0   | out |    2|  ap_memory |  Conv_0_weights_V_0_0_7 |     array    |
|Conv_0_weights_V_0_0_7_ce0        | out |    1|  ap_memory |  Conv_0_weights_V_0_0_7 |     array    |
|Conv_0_weights_V_0_0_7_we0        | out |    1|  ap_memory |  Conv_0_weights_V_0_0_7 |     array    |
|Conv_0_weights_V_0_0_7_d0         | out |   16|  ap_memory |  Conv_0_weights_V_0_0_7 |     array    |
|Conv_0_weights_V_0_0_6_address0   | out |    2|  ap_memory |  Conv_0_weights_V_0_0_6 |     array    |
|Conv_0_weights_V_0_0_6_ce0        | out |    1|  ap_memory |  Conv_0_weights_V_0_0_6 |     array    |
|Conv_0_weights_V_0_0_6_we0        | out |    1|  ap_memory |  Conv_0_weights_V_0_0_6 |     array    |
|Conv_0_weights_V_0_0_6_d0         | out |   16|  ap_memory |  Conv_0_weights_V_0_0_6 |     array    |
|Conv_0_weights_V_0_0_5_address0   | out |    2|  ap_memory |  Conv_0_weights_V_0_0_5 |     array    |
|Conv_0_weights_V_0_0_5_ce0        | out |    1|  ap_memory |  Conv_0_weights_V_0_0_5 |     array    |
|Conv_0_weights_V_0_0_5_we0        | out |    1|  ap_memory |  Conv_0_weights_V_0_0_5 |     array    |
|Conv_0_weights_V_0_0_5_d0         | out |   16|  ap_memory |  Conv_0_weights_V_0_0_5 |     array    |
|Conv_0_weights_V_0_0_4_address0   | out |    2|  ap_memory |  Conv_0_weights_V_0_0_4 |     array    |
|Conv_0_weights_V_0_0_4_ce0        | out |    1|  ap_memory |  Conv_0_weights_V_0_0_4 |     array    |
|Conv_0_weights_V_0_0_4_we0        | out |    1|  ap_memory |  Conv_0_weights_V_0_0_4 |     array    |
|Conv_0_weights_V_0_0_4_d0         | out |   16|  ap_memory |  Conv_0_weights_V_0_0_4 |     array    |
|Conv_0_weights_V_0_0_3_address0   | out |    2|  ap_memory |  Conv_0_weights_V_0_0_3 |     array    |
|Conv_0_weights_V_0_0_3_ce0        | out |    1|  ap_memory |  Conv_0_weights_V_0_0_3 |     array    |
|Conv_0_weights_V_0_0_3_we0        | out |    1|  ap_memory |  Conv_0_weights_V_0_0_3 |     array    |
|Conv_0_weights_V_0_0_3_d0         | out |   16|  ap_memory |  Conv_0_weights_V_0_0_3 |     array    |
|Conv_0_weights_V_0_0_2_address0   | out |    2|  ap_memory |  Conv_0_weights_V_0_0_2 |     array    |
|Conv_0_weights_V_0_0_2_ce0        | out |    1|  ap_memory |  Conv_0_weights_V_0_0_2 |     array    |
|Conv_0_weights_V_0_0_2_we0        | out |    1|  ap_memory |  Conv_0_weights_V_0_0_2 |     array    |
|Conv_0_weights_V_0_0_2_d0         | out |   16|  ap_memory |  Conv_0_weights_V_0_0_2 |     array    |
|Conv_0_weights_V_0_0_1_address0   | out |    2|  ap_memory |  Conv_0_weights_V_0_0_1 |     array    |
|Conv_0_weights_V_0_0_1_ce0        | out |    1|  ap_memory |  Conv_0_weights_V_0_0_1 |     array    |
|Conv_0_weights_V_0_0_1_we0        | out |    1|  ap_memory |  Conv_0_weights_V_0_0_1 |     array    |
|Conv_0_weights_V_0_0_1_d0         | out |   16|  ap_memory |  Conv_0_weights_V_0_0_1 |     array    |
|Conv_0_weights_V_0_0_address0     | out |    2|  ap_memory |   Conv_0_weights_V_0_0  |     array    |
|Conv_0_weights_V_0_0_ce0          | out |    1|  ap_memory |   Conv_0_weights_V_0_0  |     array    |
|Conv_0_weights_V_0_0_we0          | out |    1|  ap_memory |   Conv_0_weights_V_0_0  |     array    |
|Conv_0_weights_V_0_0_d0           | out |   16|  ap_memory |   Conv_0_weights_V_0_0  |     array    |
|Conv_0_weights_V_0_1_24_address0  | out |    2|  ap_memory | Conv_0_weights_V_0_1_24 |     array    |
|Conv_0_weights_V_0_1_24_ce0       | out |    1|  ap_memory | Conv_0_weights_V_0_1_24 |     array    |
|Conv_0_weights_V_0_1_24_we0       | out |    1|  ap_memory | Conv_0_weights_V_0_1_24 |     array    |
|Conv_0_weights_V_0_1_24_d0        | out |   16|  ap_memory | Conv_0_weights_V_0_1_24 |     array    |
|Conv_0_weights_V_0_1_23_address0  | out |    2|  ap_memory | Conv_0_weights_V_0_1_23 |     array    |
|Conv_0_weights_V_0_1_23_ce0       | out |    1|  ap_memory | Conv_0_weights_V_0_1_23 |     array    |
|Conv_0_weights_V_0_1_23_we0       | out |    1|  ap_memory | Conv_0_weights_V_0_1_23 |     array    |
|Conv_0_weights_V_0_1_23_d0        | out |   16|  ap_memory | Conv_0_weights_V_0_1_23 |     array    |
|Conv_0_weights_V_0_1_22_address0  | out |    2|  ap_memory | Conv_0_weights_V_0_1_22 |     array    |
|Conv_0_weights_V_0_1_22_ce0       | out |    1|  ap_memory | Conv_0_weights_V_0_1_22 |     array    |
|Conv_0_weights_V_0_1_22_we0       | out |    1|  ap_memory | Conv_0_weights_V_0_1_22 |     array    |
|Conv_0_weights_V_0_1_22_d0        | out |   16|  ap_memory | Conv_0_weights_V_0_1_22 |     array    |
|Conv_0_weights_V_0_1_21_address0  | out |    2|  ap_memory | Conv_0_weights_V_0_1_21 |     array    |
|Conv_0_weights_V_0_1_21_ce0       | out |    1|  ap_memory | Conv_0_weights_V_0_1_21 |     array    |
|Conv_0_weights_V_0_1_21_we0       | out |    1|  ap_memory | Conv_0_weights_V_0_1_21 |     array    |
|Conv_0_weights_V_0_1_21_d0        | out |   16|  ap_memory | Conv_0_weights_V_0_1_21 |     array    |
|Conv_0_weights_V_0_1_20_address0  | out |    2|  ap_memory | Conv_0_weights_V_0_1_20 |     array    |
|Conv_0_weights_V_0_1_20_ce0       | out |    1|  ap_memory | Conv_0_weights_V_0_1_20 |     array    |
|Conv_0_weights_V_0_1_20_we0       | out |    1|  ap_memory | Conv_0_weights_V_0_1_20 |     array    |
|Conv_0_weights_V_0_1_20_d0        | out |   16|  ap_memory | Conv_0_weights_V_0_1_20 |     array    |
|Conv_0_weights_V_0_1_19_address0  | out |    2|  ap_memory | Conv_0_weights_V_0_1_19 |     array    |
|Conv_0_weights_V_0_1_19_ce0       | out |    1|  ap_memory | Conv_0_weights_V_0_1_19 |     array    |
|Conv_0_weights_V_0_1_19_we0       | out |    1|  ap_memory | Conv_0_weights_V_0_1_19 |     array    |
|Conv_0_weights_V_0_1_19_d0        | out |   16|  ap_memory | Conv_0_weights_V_0_1_19 |     array    |
|Conv_0_weights_V_0_1_18_address0  | out |    2|  ap_memory | Conv_0_weights_V_0_1_18 |     array    |
|Conv_0_weights_V_0_1_18_ce0       | out |    1|  ap_memory | Conv_0_weights_V_0_1_18 |     array    |
|Conv_0_weights_V_0_1_18_we0       | out |    1|  ap_memory | Conv_0_weights_V_0_1_18 |     array    |
|Conv_0_weights_V_0_1_18_d0        | out |   16|  ap_memory | Conv_0_weights_V_0_1_18 |     array    |
|Conv_0_weights_V_0_1_17_address0  | out |    2|  ap_memory | Conv_0_weights_V_0_1_17 |     array    |
|Conv_0_weights_V_0_1_17_ce0       | out |    1|  ap_memory | Conv_0_weights_V_0_1_17 |     array    |
|Conv_0_weights_V_0_1_17_we0       | out |    1|  ap_memory | Conv_0_weights_V_0_1_17 |     array    |
|Conv_0_weights_V_0_1_17_d0        | out |   16|  ap_memory | Conv_0_weights_V_0_1_17 |     array    |
|Conv_0_weights_V_0_1_16_address0  | out |    2|  ap_memory | Conv_0_weights_V_0_1_16 |     array    |
|Conv_0_weights_V_0_1_16_ce0       | out |    1|  ap_memory | Conv_0_weights_V_0_1_16 |     array    |
|Conv_0_weights_V_0_1_16_we0       | out |    1|  ap_memory | Conv_0_weights_V_0_1_16 |     array    |
|Conv_0_weights_V_0_1_16_d0        | out |   16|  ap_memory | Conv_0_weights_V_0_1_16 |     array    |
|Conv_0_weights_V_0_1_15_address0  | out |    2|  ap_memory | Conv_0_weights_V_0_1_15 |     array    |
|Conv_0_weights_V_0_1_15_ce0       | out |    1|  ap_memory | Conv_0_weights_V_0_1_15 |     array    |
|Conv_0_weights_V_0_1_15_we0       | out |    1|  ap_memory | Conv_0_weights_V_0_1_15 |     array    |
|Conv_0_weights_V_0_1_15_d0        | out |   16|  ap_memory | Conv_0_weights_V_0_1_15 |     array    |
|Conv_0_weights_V_0_1_14_address0  | out |    2|  ap_memory | Conv_0_weights_V_0_1_14 |     array    |
|Conv_0_weights_V_0_1_14_ce0       | out |    1|  ap_memory | Conv_0_weights_V_0_1_14 |     array    |
|Conv_0_weights_V_0_1_14_we0       | out |    1|  ap_memory | Conv_0_weights_V_0_1_14 |     array    |
|Conv_0_weights_V_0_1_14_d0        | out |   16|  ap_memory | Conv_0_weights_V_0_1_14 |     array    |
|Conv_0_weights_V_0_1_13_address0  | out |    2|  ap_memory | Conv_0_weights_V_0_1_13 |     array    |
|Conv_0_weights_V_0_1_13_ce0       | out |    1|  ap_memory | Conv_0_weights_V_0_1_13 |     array    |
|Conv_0_weights_V_0_1_13_we0       | out |    1|  ap_memory | Conv_0_weights_V_0_1_13 |     array    |
|Conv_0_weights_V_0_1_13_d0        | out |   16|  ap_memory | Conv_0_weights_V_0_1_13 |     array    |
|Conv_0_weights_V_0_1_12_address0  | out |    2|  ap_memory | Conv_0_weights_V_0_1_12 |     array    |
|Conv_0_weights_V_0_1_12_ce0       | out |    1|  ap_memory | Conv_0_weights_V_0_1_12 |     array    |
|Conv_0_weights_V_0_1_12_we0       | out |    1|  ap_memory | Conv_0_weights_V_0_1_12 |     array    |
|Conv_0_weights_V_0_1_12_d0        | out |   16|  ap_memory | Conv_0_weights_V_0_1_12 |     array    |
|Conv_0_weights_V_0_1_11_address0  | out |    2|  ap_memory | Conv_0_weights_V_0_1_11 |     array    |
|Conv_0_weights_V_0_1_11_ce0       | out |    1|  ap_memory | Conv_0_weights_V_0_1_11 |     array    |
|Conv_0_weights_V_0_1_11_we0       | out |    1|  ap_memory | Conv_0_weights_V_0_1_11 |     array    |
|Conv_0_weights_V_0_1_11_d0        | out |   16|  ap_memory | Conv_0_weights_V_0_1_11 |     array    |
|Conv_0_weights_V_0_1_10_address0  | out |    2|  ap_memory | Conv_0_weights_V_0_1_10 |     array    |
|Conv_0_weights_V_0_1_10_ce0       | out |    1|  ap_memory | Conv_0_weights_V_0_1_10 |     array    |
|Conv_0_weights_V_0_1_10_we0       | out |    1|  ap_memory | Conv_0_weights_V_0_1_10 |     array    |
|Conv_0_weights_V_0_1_10_d0        | out |   16|  ap_memory | Conv_0_weights_V_0_1_10 |     array    |
|Conv_0_weights_V_0_1_9_address0   | out |    2|  ap_memory |  Conv_0_weights_V_0_1_9 |     array    |
|Conv_0_weights_V_0_1_9_ce0        | out |    1|  ap_memory |  Conv_0_weights_V_0_1_9 |     array    |
|Conv_0_weights_V_0_1_9_we0        | out |    1|  ap_memory |  Conv_0_weights_V_0_1_9 |     array    |
|Conv_0_weights_V_0_1_9_d0         | out |   16|  ap_memory |  Conv_0_weights_V_0_1_9 |     array    |
|Conv_0_weights_V_0_1_8_address0   | out |    2|  ap_memory |  Conv_0_weights_V_0_1_8 |     array    |
|Conv_0_weights_V_0_1_8_ce0        | out |    1|  ap_memory |  Conv_0_weights_V_0_1_8 |     array    |
|Conv_0_weights_V_0_1_8_we0        | out |    1|  ap_memory |  Conv_0_weights_V_0_1_8 |     array    |
|Conv_0_weights_V_0_1_8_d0         | out |   16|  ap_memory |  Conv_0_weights_V_0_1_8 |     array    |
|Conv_0_weights_V_0_1_7_address0   | out |    2|  ap_memory |  Conv_0_weights_V_0_1_7 |     array    |
|Conv_0_weights_V_0_1_7_ce0        | out |    1|  ap_memory |  Conv_0_weights_V_0_1_7 |     array    |
|Conv_0_weights_V_0_1_7_we0        | out |    1|  ap_memory |  Conv_0_weights_V_0_1_7 |     array    |
|Conv_0_weights_V_0_1_7_d0         | out |   16|  ap_memory |  Conv_0_weights_V_0_1_7 |     array    |
|Conv_0_weights_V_0_1_6_address0   | out |    2|  ap_memory |  Conv_0_weights_V_0_1_6 |     array    |
|Conv_0_weights_V_0_1_6_ce0        | out |    1|  ap_memory |  Conv_0_weights_V_0_1_6 |     array    |
|Conv_0_weights_V_0_1_6_we0        | out |    1|  ap_memory |  Conv_0_weights_V_0_1_6 |     array    |
|Conv_0_weights_V_0_1_6_d0         | out |   16|  ap_memory |  Conv_0_weights_V_0_1_6 |     array    |
|Conv_0_weights_V_0_1_5_address0   | out |    2|  ap_memory |  Conv_0_weights_V_0_1_5 |     array    |
|Conv_0_weights_V_0_1_5_ce0        | out |    1|  ap_memory |  Conv_0_weights_V_0_1_5 |     array    |
|Conv_0_weights_V_0_1_5_we0        | out |    1|  ap_memory |  Conv_0_weights_V_0_1_5 |     array    |
|Conv_0_weights_V_0_1_5_d0         | out |   16|  ap_memory |  Conv_0_weights_V_0_1_5 |     array    |
|Conv_0_weights_V_0_1_4_address0   | out |    2|  ap_memory |  Conv_0_weights_V_0_1_4 |     array    |
|Conv_0_weights_V_0_1_4_ce0        | out |    1|  ap_memory |  Conv_0_weights_V_0_1_4 |     array    |
|Conv_0_weights_V_0_1_4_we0        | out |    1|  ap_memory |  Conv_0_weights_V_0_1_4 |     array    |
|Conv_0_weights_V_0_1_4_d0         | out |   16|  ap_memory |  Conv_0_weights_V_0_1_4 |     array    |
|Conv_0_weights_V_0_1_3_address0   | out |    2|  ap_memory |  Conv_0_weights_V_0_1_3 |     array    |
|Conv_0_weights_V_0_1_3_ce0        | out |    1|  ap_memory |  Conv_0_weights_V_0_1_3 |     array    |
|Conv_0_weights_V_0_1_3_we0        | out |    1|  ap_memory |  Conv_0_weights_V_0_1_3 |     array    |
|Conv_0_weights_V_0_1_3_d0         | out |   16|  ap_memory |  Conv_0_weights_V_0_1_3 |     array    |
|Conv_0_weights_V_0_1_2_address0   | out |    2|  ap_memory |  Conv_0_weights_V_0_1_2 |     array    |
|Conv_0_weights_V_0_1_2_ce0        | out |    1|  ap_memory |  Conv_0_weights_V_0_1_2 |     array    |
|Conv_0_weights_V_0_1_2_we0        | out |    1|  ap_memory |  Conv_0_weights_V_0_1_2 |     array    |
|Conv_0_weights_V_0_1_2_d0         | out |   16|  ap_memory |  Conv_0_weights_V_0_1_2 |     array    |
|Conv_0_weights_V_0_1_1_address0   | out |    2|  ap_memory |  Conv_0_weights_V_0_1_1 |     array    |
|Conv_0_weights_V_0_1_1_ce0        | out |    1|  ap_memory |  Conv_0_weights_V_0_1_1 |     array    |
|Conv_0_weights_V_0_1_1_we0        | out |    1|  ap_memory |  Conv_0_weights_V_0_1_1 |     array    |
|Conv_0_weights_V_0_1_1_d0         | out |   16|  ap_memory |  Conv_0_weights_V_0_1_1 |     array    |
|Conv_0_weights_V_0_1_address0     | out |    2|  ap_memory |   Conv_0_weights_V_0_1  |     array    |
|Conv_0_weights_V_0_1_ce0          | out |    1|  ap_memory |   Conv_0_weights_V_0_1  |     array    |
|Conv_0_weights_V_0_1_we0          | out |    1|  ap_memory |   Conv_0_weights_V_0_1  |     array    |
|Conv_0_weights_V_0_1_d0           | out |   16|  ap_memory |   Conv_0_weights_V_0_1  |     array    |
|Conv_0_weights_V_0_2_24_address0  | out |    2|  ap_memory | Conv_0_weights_V_0_2_24 |     array    |
|Conv_0_weights_V_0_2_24_ce0       | out |    1|  ap_memory | Conv_0_weights_V_0_2_24 |     array    |
|Conv_0_weights_V_0_2_24_we0       | out |    1|  ap_memory | Conv_0_weights_V_0_2_24 |     array    |
|Conv_0_weights_V_0_2_24_d0        | out |   16|  ap_memory | Conv_0_weights_V_0_2_24 |     array    |
|Conv_0_weights_V_0_2_23_address0  | out |    2|  ap_memory | Conv_0_weights_V_0_2_23 |     array    |
|Conv_0_weights_V_0_2_23_ce0       | out |    1|  ap_memory | Conv_0_weights_V_0_2_23 |     array    |
|Conv_0_weights_V_0_2_23_we0       | out |    1|  ap_memory | Conv_0_weights_V_0_2_23 |     array    |
|Conv_0_weights_V_0_2_23_d0        | out |   16|  ap_memory | Conv_0_weights_V_0_2_23 |     array    |
|Conv_0_weights_V_0_2_22_address0  | out |    2|  ap_memory | Conv_0_weights_V_0_2_22 |     array    |
|Conv_0_weights_V_0_2_22_ce0       | out |    1|  ap_memory | Conv_0_weights_V_0_2_22 |     array    |
|Conv_0_weights_V_0_2_22_we0       | out |    1|  ap_memory | Conv_0_weights_V_0_2_22 |     array    |
|Conv_0_weights_V_0_2_22_d0        | out |   16|  ap_memory | Conv_0_weights_V_0_2_22 |     array    |
|Conv_0_weights_V_0_2_21_address0  | out |    2|  ap_memory | Conv_0_weights_V_0_2_21 |     array    |
|Conv_0_weights_V_0_2_21_ce0       | out |    1|  ap_memory | Conv_0_weights_V_0_2_21 |     array    |
|Conv_0_weights_V_0_2_21_we0       | out |    1|  ap_memory | Conv_0_weights_V_0_2_21 |     array    |
|Conv_0_weights_V_0_2_21_d0        | out |   16|  ap_memory | Conv_0_weights_V_0_2_21 |     array    |
|Conv_0_weights_V_0_2_20_address0  | out |    2|  ap_memory | Conv_0_weights_V_0_2_20 |     array    |
|Conv_0_weights_V_0_2_20_ce0       | out |    1|  ap_memory | Conv_0_weights_V_0_2_20 |     array    |
|Conv_0_weights_V_0_2_20_we0       | out |    1|  ap_memory | Conv_0_weights_V_0_2_20 |     array    |
|Conv_0_weights_V_0_2_20_d0        | out |   16|  ap_memory | Conv_0_weights_V_0_2_20 |     array    |
|Conv_0_weights_V_0_2_19_address0  | out |    2|  ap_memory | Conv_0_weights_V_0_2_19 |     array    |
|Conv_0_weights_V_0_2_19_ce0       | out |    1|  ap_memory | Conv_0_weights_V_0_2_19 |     array    |
|Conv_0_weights_V_0_2_19_we0       | out |    1|  ap_memory | Conv_0_weights_V_0_2_19 |     array    |
|Conv_0_weights_V_0_2_19_d0        | out |   16|  ap_memory | Conv_0_weights_V_0_2_19 |     array    |
|Conv_0_weights_V_0_2_18_address0  | out |    2|  ap_memory | Conv_0_weights_V_0_2_18 |     array    |
|Conv_0_weights_V_0_2_18_ce0       | out |    1|  ap_memory | Conv_0_weights_V_0_2_18 |     array    |
|Conv_0_weights_V_0_2_18_we0       | out |    1|  ap_memory | Conv_0_weights_V_0_2_18 |     array    |
|Conv_0_weights_V_0_2_18_d0        | out |   16|  ap_memory | Conv_0_weights_V_0_2_18 |     array    |
|Conv_0_weights_V_0_2_17_address0  | out |    2|  ap_memory | Conv_0_weights_V_0_2_17 |     array    |
|Conv_0_weights_V_0_2_17_ce0       | out |    1|  ap_memory | Conv_0_weights_V_0_2_17 |     array    |
|Conv_0_weights_V_0_2_17_we0       | out |    1|  ap_memory | Conv_0_weights_V_0_2_17 |     array    |
|Conv_0_weights_V_0_2_17_d0        | out |   16|  ap_memory | Conv_0_weights_V_0_2_17 |     array    |
|Conv_0_weights_V_0_2_16_address0  | out |    2|  ap_memory | Conv_0_weights_V_0_2_16 |     array    |
|Conv_0_weights_V_0_2_16_ce0       | out |    1|  ap_memory | Conv_0_weights_V_0_2_16 |     array    |
|Conv_0_weights_V_0_2_16_we0       | out |    1|  ap_memory | Conv_0_weights_V_0_2_16 |     array    |
|Conv_0_weights_V_0_2_16_d0        | out |   16|  ap_memory | Conv_0_weights_V_0_2_16 |     array    |
|Conv_0_weights_V_0_2_15_address0  | out |    2|  ap_memory | Conv_0_weights_V_0_2_15 |     array    |
|Conv_0_weights_V_0_2_15_ce0       | out |    1|  ap_memory | Conv_0_weights_V_0_2_15 |     array    |
|Conv_0_weights_V_0_2_15_we0       | out |    1|  ap_memory | Conv_0_weights_V_0_2_15 |     array    |
|Conv_0_weights_V_0_2_15_d0        | out |   16|  ap_memory | Conv_0_weights_V_0_2_15 |     array    |
|Conv_0_weights_V_0_2_14_address0  | out |    2|  ap_memory | Conv_0_weights_V_0_2_14 |     array    |
|Conv_0_weights_V_0_2_14_ce0       | out |    1|  ap_memory | Conv_0_weights_V_0_2_14 |     array    |
|Conv_0_weights_V_0_2_14_we0       | out |    1|  ap_memory | Conv_0_weights_V_0_2_14 |     array    |
|Conv_0_weights_V_0_2_14_d0        | out |   16|  ap_memory | Conv_0_weights_V_0_2_14 |     array    |
|Conv_0_weights_V_0_2_13_address0  | out |    2|  ap_memory | Conv_0_weights_V_0_2_13 |     array    |
|Conv_0_weights_V_0_2_13_ce0       | out |    1|  ap_memory | Conv_0_weights_V_0_2_13 |     array    |
|Conv_0_weights_V_0_2_13_we0       | out |    1|  ap_memory | Conv_0_weights_V_0_2_13 |     array    |
|Conv_0_weights_V_0_2_13_d0        | out |   16|  ap_memory | Conv_0_weights_V_0_2_13 |     array    |
|Conv_0_weights_V_0_2_12_address0  | out |    2|  ap_memory | Conv_0_weights_V_0_2_12 |     array    |
|Conv_0_weights_V_0_2_12_ce0       | out |    1|  ap_memory | Conv_0_weights_V_0_2_12 |     array    |
|Conv_0_weights_V_0_2_12_we0       | out |    1|  ap_memory | Conv_0_weights_V_0_2_12 |     array    |
|Conv_0_weights_V_0_2_12_d0        | out |   16|  ap_memory | Conv_0_weights_V_0_2_12 |     array    |
|Conv_0_weights_V_0_2_11_address0  | out |    2|  ap_memory | Conv_0_weights_V_0_2_11 |     array    |
|Conv_0_weights_V_0_2_11_ce0       | out |    1|  ap_memory | Conv_0_weights_V_0_2_11 |     array    |
|Conv_0_weights_V_0_2_11_we0       | out |    1|  ap_memory | Conv_0_weights_V_0_2_11 |     array    |
|Conv_0_weights_V_0_2_11_d0        | out |   16|  ap_memory | Conv_0_weights_V_0_2_11 |     array    |
|Conv_0_weights_V_0_2_10_address0  | out |    2|  ap_memory | Conv_0_weights_V_0_2_10 |     array    |
|Conv_0_weights_V_0_2_10_ce0       | out |    1|  ap_memory | Conv_0_weights_V_0_2_10 |     array    |
|Conv_0_weights_V_0_2_10_we0       | out |    1|  ap_memory | Conv_0_weights_V_0_2_10 |     array    |
|Conv_0_weights_V_0_2_10_d0        | out |   16|  ap_memory | Conv_0_weights_V_0_2_10 |     array    |
|Conv_0_weights_V_0_2_9_address0   | out |    2|  ap_memory |  Conv_0_weights_V_0_2_9 |     array    |
|Conv_0_weights_V_0_2_9_ce0        | out |    1|  ap_memory |  Conv_0_weights_V_0_2_9 |     array    |
|Conv_0_weights_V_0_2_9_we0        | out |    1|  ap_memory |  Conv_0_weights_V_0_2_9 |     array    |
|Conv_0_weights_V_0_2_9_d0         | out |   16|  ap_memory |  Conv_0_weights_V_0_2_9 |     array    |
|Conv_0_weights_V_0_2_8_address0   | out |    2|  ap_memory |  Conv_0_weights_V_0_2_8 |     array    |
|Conv_0_weights_V_0_2_8_ce0        | out |    1|  ap_memory |  Conv_0_weights_V_0_2_8 |     array    |
|Conv_0_weights_V_0_2_8_we0        | out |    1|  ap_memory |  Conv_0_weights_V_0_2_8 |     array    |
|Conv_0_weights_V_0_2_8_d0         | out |   16|  ap_memory |  Conv_0_weights_V_0_2_8 |     array    |
|Conv_0_weights_V_0_2_7_address0   | out |    2|  ap_memory |  Conv_0_weights_V_0_2_7 |     array    |
|Conv_0_weights_V_0_2_7_ce0        | out |    1|  ap_memory |  Conv_0_weights_V_0_2_7 |     array    |
|Conv_0_weights_V_0_2_7_we0        | out |    1|  ap_memory |  Conv_0_weights_V_0_2_7 |     array    |
|Conv_0_weights_V_0_2_7_d0         | out |   16|  ap_memory |  Conv_0_weights_V_0_2_7 |     array    |
|Conv_0_weights_V_0_2_6_address0   | out |    2|  ap_memory |  Conv_0_weights_V_0_2_6 |     array    |
|Conv_0_weights_V_0_2_6_ce0        | out |    1|  ap_memory |  Conv_0_weights_V_0_2_6 |     array    |
|Conv_0_weights_V_0_2_6_we0        | out |    1|  ap_memory |  Conv_0_weights_V_0_2_6 |     array    |
|Conv_0_weights_V_0_2_6_d0         | out |   16|  ap_memory |  Conv_0_weights_V_0_2_6 |     array    |
|Conv_0_weights_V_0_2_5_address0   | out |    2|  ap_memory |  Conv_0_weights_V_0_2_5 |     array    |
|Conv_0_weights_V_0_2_5_ce0        | out |    1|  ap_memory |  Conv_0_weights_V_0_2_5 |     array    |
|Conv_0_weights_V_0_2_5_we0        | out |    1|  ap_memory |  Conv_0_weights_V_0_2_5 |     array    |
|Conv_0_weights_V_0_2_5_d0         | out |   16|  ap_memory |  Conv_0_weights_V_0_2_5 |     array    |
|Conv_0_weights_V_0_2_4_address0   | out |    2|  ap_memory |  Conv_0_weights_V_0_2_4 |     array    |
|Conv_0_weights_V_0_2_4_ce0        | out |    1|  ap_memory |  Conv_0_weights_V_0_2_4 |     array    |
|Conv_0_weights_V_0_2_4_we0        | out |    1|  ap_memory |  Conv_0_weights_V_0_2_4 |     array    |
|Conv_0_weights_V_0_2_4_d0         | out |   16|  ap_memory |  Conv_0_weights_V_0_2_4 |     array    |
|Conv_0_weights_V_0_2_3_address0   | out |    2|  ap_memory |  Conv_0_weights_V_0_2_3 |     array    |
|Conv_0_weights_V_0_2_3_ce0        | out |    1|  ap_memory |  Conv_0_weights_V_0_2_3 |     array    |
|Conv_0_weights_V_0_2_3_we0        | out |    1|  ap_memory |  Conv_0_weights_V_0_2_3 |     array    |
|Conv_0_weights_V_0_2_3_d0         | out |   16|  ap_memory |  Conv_0_weights_V_0_2_3 |     array    |
|Conv_0_weights_V_0_2_2_address0   | out |    2|  ap_memory |  Conv_0_weights_V_0_2_2 |     array    |
|Conv_0_weights_V_0_2_2_ce0        | out |    1|  ap_memory |  Conv_0_weights_V_0_2_2 |     array    |
|Conv_0_weights_V_0_2_2_we0        | out |    1|  ap_memory |  Conv_0_weights_V_0_2_2 |     array    |
|Conv_0_weights_V_0_2_2_d0         | out |   16|  ap_memory |  Conv_0_weights_V_0_2_2 |     array    |
|Conv_0_weights_V_0_2_1_address0   | out |    2|  ap_memory |  Conv_0_weights_V_0_2_1 |     array    |
|Conv_0_weights_V_0_2_1_ce0        | out |    1|  ap_memory |  Conv_0_weights_V_0_2_1 |     array    |
|Conv_0_weights_V_0_2_1_we0        | out |    1|  ap_memory |  Conv_0_weights_V_0_2_1 |     array    |
|Conv_0_weights_V_0_2_1_d0         | out |   16|  ap_memory |  Conv_0_weights_V_0_2_1 |     array    |
|Conv_0_weights_V_0_2_address0     | out |    2|  ap_memory |   Conv_0_weights_V_0_2  |     array    |
|Conv_0_weights_V_0_2_ce0          | out |    1|  ap_memory |   Conv_0_weights_V_0_2  |     array    |
|Conv_0_weights_V_0_2_we0          | out |    1|  ap_memory |   Conv_0_weights_V_0_2  |     array    |
|Conv_0_weights_V_0_2_d0           | out |   16|  ap_memory |   Conv_0_weights_V_0_2  |     array    |
|Conv_0_weights_V_0_3_24_address0  | out |    2|  ap_memory | Conv_0_weights_V_0_3_24 |     array    |
|Conv_0_weights_V_0_3_24_ce0       | out |    1|  ap_memory | Conv_0_weights_V_0_3_24 |     array    |
|Conv_0_weights_V_0_3_24_we0       | out |    1|  ap_memory | Conv_0_weights_V_0_3_24 |     array    |
|Conv_0_weights_V_0_3_24_d0        | out |   16|  ap_memory | Conv_0_weights_V_0_3_24 |     array    |
|Conv_0_weights_V_0_3_23_address0  | out |    2|  ap_memory | Conv_0_weights_V_0_3_23 |     array    |
|Conv_0_weights_V_0_3_23_ce0       | out |    1|  ap_memory | Conv_0_weights_V_0_3_23 |     array    |
|Conv_0_weights_V_0_3_23_we0       | out |    1|  ap_memory | Conv_0_weights_V_0_3_23 |     array    |
|Conv_0_weights_V_0_3_23_d0        | out |   16|  ap_memory | Conv_0_weights_V_0_3_23 |     array    |
|Conv_0_weights_V_0_3_22_address0  | out |    2|  ap_memory | Conv_0_weights_V_0_3_22 |     array    |
|Conv_0_weights_V_0_3_22_ce0       | out |    1|  ap_memory | Conv_0_weights_V_0_3_22 |     array    |
|Conv_0_weights_V_0_3_22_we0       | out |    1|  ap_memory | Conv_0_weights_V_0_3_22 |     array    |
|Conv_0_weights_V_0_3_22_d0        | out |   16|  ap_memory | Conv_0_weights_V_0_3_22 |     array    |
|Conv_0_weights_V_0_3_21_address0  | out |    2|  ap_memory | Conv_0_weights_V_0_3_21 |     array    |
|Conv_0_weights_V_0_3_21_ce0       | out |    1|  ap_memory | Conv_0_weights_V_0_3_21 |     array    |
|Conv_0_weights_V_0_3_21_we0       | out |    1|  ap_memory | Conv_0_weights_V_0_3_21 |     array    |
|Conv_0_weights_V_0_3_21_d0        | out |   16|  ap_memory | Conv_0_weights_V_0_3_21 |     array    |
|Conv_0_weights_V_0_3_20_address0  | out |    2|  ap_memory | Conv_0_weights_V_0_3_20 |     array    |
|Conv_0_weights_V_0_3_20_ce0       | out |    1|  ap_memory | Conv_0_weights_V_0_3_20 |     array    |
|Conv_0_weights_V_0_3_20_we0       | out |    1|  ap_memory | Conv_0_weights_V_0_3_20 |     array    |
|Conv_0_weights_V_0_3_20_d0        | out |   16|  ap_memory | Conv_0_weights_V_0_3_20 |     array    |
|Conv_0_weights_V_0_3_19_address0  | out |    2|  ap_memory | Conv_0_weights_V_0_3_19 |     array    |
|Conv_0_weights_V_0_3_19_ce0       | out |    1|  ap_memory | Conv_0_weights_V_0_3_19 |     array    |
|Conv_0_weights_V_0_3_19_we0       | out |    1|  ap_memory | Conv_0_weights_V_0_3_19 |     array    |
|Conv_0_weights_V_0_3_19_d0        | out |   16|  ap_memory | Conv_0_weights_V_0_3_19 |     array    |
|Conv_0_weights_V_0_3_18_address0  | out |    2|  ap_memory | Conv_0_weights_V_0_3_18 |     array    |
|Conv_0_weights_V_0_3_18_ce0       | out |    1|  ap_memory | Conv_0_weights_V_0_3_18 |     array    |
|Conv_0_weights_V_0_3_18_we0       | out |    1|  ap_memory | Conv_0_weights_V_0_3_18 |     array    |
|Conv_0_weights_V_0_3_18_d0        | out |   16|  ap_memory | Conv_0_weights_V_0_3_18 |     array    |
|Conv_0_weights_V_0_3_17_address0  | out |    2|  ap_memory | Conv_0_weights_V_0_3_17 |     array    |
|Conv_0_weights_V_0_3_17_ce0       | out |    1|  ap_memory | Conv_0_weights_V_0_3_17 |     array    |
|Conv_0_weights_V_0_3_17_we0       | out |    1|  ap_memory | Conv_0_weights_V_0_3_17 |     array    |
|Conv_0_weights_V_0_3_17_d0        | out |   16|  ap_memory | Conv_0_weights_V_0_3_17 |     array    |
|Conv_0_weights_V_0_3_16_address0  | out |    2|  ap_memory | Conv_0_weights_V_0_3_16 |     array    |
|Conv_0_weights_V_0_3_16_ce0       | out |    1|  ap_memory | Conv_0_weights_V_0_3_16 |     array    |
|Conv_0_weights_V_0_3_16_we0       | out |    1|  ap_memory | Conv_0_weights_V_0_3_16 |     array    |
|Conv_0_weights_V_0_3_16_d0        | out |   16|  ap_memory | Conv_0_weights_V_0_3_16 |     array    |
|Conv_0_weights_V_0_3_15_address0  | out |    2|  ap_memory | Conv_0_weights_V_0_3_15 |     array    |
|Conv_0_weights_V_0_3_15_ce0       | out |    1|  ap_memory | Conv_0_weights_V_0_3_15 |     array    |
|Conv_0_weights_V_0_3_15_we0       | out |    1|  ap_memory | Conv_0_weights_V_0_3_15 |     array    |
|Conv_0_weights_V_0_3_15_d0        | out |   16|  ap_memory | Conv_0_weights_V_0_3_15 |     array    |
|Conv_0_weights_V_0_3_14_address0  | out |    2|  ap_memory | Conv_0_weights_V_0_3_14 |     array    |
|Conv_0_weights_V_0_3_14_ce0       | out |    1|  ap_memory | Conv_0_weights_V_0_3_14 |     array    |
|Conv_0_weights_V_0_3_14_we0       | out |    1|  ap_memory | Conv_0_weights_V_0_3_14 |     array    |
|Conv_0_weights_V_0_3_14_d0        | out |   16|  ap_memory | Conv_0_weights_V_0_3_14 |     array    |
|Conv_0_weights_V_0_3_13_address0  | out |    2|  ap_memory | Conv_0_weights_V_0_3_13 |     array    |
|Conv_0_weights_V_0_3_13_ce0       | out |    1|  ap_memory | Conv_0_weights_V_0_3_13 |     array    |
|Conv_0_weights_V_0_3_13_we0       | out |    1|  ap_memory | Conv_0_weights_V_0_3_13 |     array    |
|Conv_0_weights_V_0_3_13_d0        | out |   16|  ap_memory | Conv_0_weights_V_0_3_13 |     array    |
|Conv_0_weights_V_0_3_12_address0  | out |    2|  ap_memory | Conv_0_weights_V_0_3_12 |     array    |
|Conv_0_weights_V_0_3_12_ce0       | out |    1|  ap_memory | Conv_0_weights_V_0_3_12 |     array    |
|Conv_0_weights_V_0_3_12_we0       | out |    1|  ap_memory | Conv_0_weights_V_0_3_12 |     array    |
|Conv_0_weights_V_0_3_12_d0        | out |   16|  ap_memory | Conv_0_weights_V_0_3_12 |     array    |
|Conv_0_weights_V_0_3_11_address0  | out |    2|  ap_memory | Conv_0_weights_V_0_3_11 |     array    |
|Conv_0_weights_V_0_3_11_ce0       | out |    1|  ap_memory | Conv_0_weights_V_0_3_11 |     array    |
|Conv_0_weights_V_0_3_11_we0       | out |    1|  ap_memory | Conv_0_weights_V_0_3_11 |     array    |
|Conv_0_weights_V_0_3_11_d0        | out |   16|  ap_memory | Conv_0_weights_V_0_3_11 |     array    |
|Conv_0_weights_V_0_3_10_address0  | out |    2|  ap_memory | Conv_0_weights_V_0_3_10 |     array    |
|Conv_0_weights_V_0_3_10_ce0       | out |    1|  ap_memory | Conv_0_weights_V_0_3_10 |     array    |
|Conv_0_weights_V_0_3_10_we0       | out |    1|  ap_memory | Conv_0_weights_V_0_3_10 |     array    |
|Conv_0_weights_V_0_3_10_d0        | out |   16|  ap_memory | Conv_0_weights_V_0_3_10 |     array    |
|Conv_0_weights_V_0_3_9_address0   | out |    2|  ap_memory |  Conv_0_weights_V_0_3_9 |     array    |
|Conv_0_weights_V_0_3_9_ce0        | out |    1|  ap_memory |  Conv_0_weights_V_0_3_9 |     array    |
|Conv_0_weights_V_0_3_9_we0        | out |    1|  ap_memory |  Conv_0_weights_V_0_3_9 |     array    |
|Conv_0_weights_V_0_3_9_d0         | out |   16|  ap_memory |  Conv_0_weights_V_0_3_9 |     array    |
|Conv_0_weights_V_0_3_8_address0   | out |    2|  ap_memory |  Conv_0_weights_V_0_3_8 |     array    |
|Conv_0_weights_V_0_3_8_ce0        | out |    1|  ap_memory |  Conv_0_weights_V_0_3_8 |     array    |
|Conv_0_weights_V_0_3_8_we0        | out |    1|  ap_memory |  Conv_0_weights_V_0_3_8 |     array    |
|Conv_0_weights_V_0_3_8_d0         | out |   16|  ap_memory |  Conv_0_weights_V_0_3_8 |     array    |
|Conv_0_weights_V_0_3_7_address0   | out |    2|  ap_memory |  Conv_0_weights_V_0_3_7 |     array    |
|Conv_0_weights_V_0_3_7_ce0        | out |    1|  ap_memory |  Conv_0_weights_V_0_3_7 |     array    |
|Conv_0_weights_V_0_3_7_we0        | out |    1|  ap_memory |  Conv_0_weights_V_0_3_7 |     array    |
|Conv_0_weights_V_0_3_7_d0         | out |   16|  ap_memory |  Conv_0_weights_V_0_3_7 |     array    |
|Conv_0_weights_V_0_3_6_address0   | out |    2|  ap_memory |  Conv_0_weights_V_0_3_6 |     array    |
|Conv_0_weights_V_0_3_6_ce0        | out |    1|  ap_memory |  Conv_0_weights_V_0_3_6 |     array    |
|Conv_0_weights_V_0_3_6_we0        | out |    1|  ap_memory |  Conv_0_weights_V_0_3_6 |     array    |
|Conv_0_weights_V_0_3_6_d0         | out |   16|  ap_memory |  Conv_0_weights_V_0_3_6 |     array    |
|Conv_0_weights_V_0_3_5_address0   | out |    2|  ap_memory |  Conv_0_weights_V_0_3_5 |     array    |
|Conv_0_weights_V_0_3_5_ce0        | out |    1|  ap_memory |  Conv_0_weights_V_0_3_5 |     array    |
|Conv_0_weights_V_0_3_5_we0        | out |    1|  ap_memory |  Conv_0_weights_V_0_3_5 |     array    |
|Conv_0_weights_V_0_3_5_d0         | out |   16|  ap_memory |  Conv_0_weights_V_0_3_5 |     array    |
|Conv_0_weights_V_0_3_4_address0   | out |    2|  ap_memory |  Conv_0_weights_V_0_3_4 |     array    |
|Conv_0_weights_V_0_3_4_ce0        | out |    1|  ap_memory |  Conv_0_weights_V_0_3_4 |     array    |
|Conv_0_weights_V_0_3_4_we0        | out |    1|  ap_memory |  Conv_0_weights_V_0_3_4 |     array    |
|Conv_0_weights_V_0_3_4_d0         | out |   16|  ap_memory |  Conv_0_weights_V_0_3_4 |     array    |
|Conv_0_weights_V_0_3_3_address0   | out |    2|  ap_memory |  Conv_0_weights_V_0_3_3 |     array    |
|Conv_0_weights_V_0_3_3_ce0        | out |    1|  ap_memory |  Conv_0_weights_V_0_3_3 |     array    |
|Conv_0_weights_V_0_3_3_we0        | out |    1|  ap_memory |  Conv_0_weights_V_0_3_3 |     array    |
|Conv_0_weights_V_0_3_3_d0         | out |   16|  ap_memory |  Conv_0_weights_V_0_3_3 |     array    |
|Conv_0_weights_V_0_3_2_address0   | out |    2|  ap_memory |  Conv_0_weights_V_0_3_2 |     array    |
|Conv_0_weights_V_0_3_2_ce0        | out |    1|  ap_memory |  Conv_0_weights_V_0_3_2 |     array    |
|Conv_0_weights_V_0_3_2_we0        | out |    1|  ap_memory |  Conv_0_weights_V_0_3_2 |     array    |
|Conv_0_weights_V_0_3_2_d0         | out |   16|  ap_memory |  Conv_0_weights_V_0_3_2 |     array    |
|Conv_0_weights_V_0_3_1_address0   | out |    2|  ap_memory |  Conv_0_weights_V_0_3_1 |     array    |
|Conv_0_weights_V_0_3_1_ce0        | out |    1|  ap_memory |  Conv_0_weights_V_0_3_1 |     array    |
|Conv_0_weights_V_0_3_1_we0        | out |    1|  ap_memory |  Conv_0_weights_V_0_3_1 |     array    |
|Conv_0_weights_V_0_3_1_d0         | out |   16|  ap_memory |  Conv_0_weights_V_0_3_1 |     array    |
|Conv_0_weights_V_0_3_address0     | out |    2|  ap_memory |   Conv_0_weights_V_0_3  |     array    |
|Conv_0_weights_V_0_3_ce0          | out |    1|  ap_memory |   Conv_0_weights_V_0_3  |     array    |
|Conv_0_weights_V_0_3_we0          | out |    1|  ap_memory |   Conv_0_weights_V_0_3  |     array    |
|Conv_0_weights_V_0_3_d0           | out |   16|  ap_memory |   Conv_0_weights_V_0_3  |     array    |
+----------------------------------+-----+-----+------------+-------------------------+--------------+

